/usr/local/lib/python3.12/dist-packages/requests/__init__.py:113: RequestsDependencyWarning: urllib3 (2.5.0) or chardet (6.0.0.post1)/charset_normalizer (3.4.3) doesn't match a supported version!
  warnings.warn(

Generating test split: 100%|██████████| 171/171 [00:00<00:00, 29281.70 examples/s]

Generating validation split: 100%|██████████| 19/19 [00:00<00:00, 8021.32 examples/s]

Generating dev split: 100%|██████████| 5/5 [00:00<00:00, 2426.42 examples/s]

Generating test split: 100%|██████████| 1534/1534 [00:00<00:00, 148541.21 examples/s]

Generating validation split: 100%|██████████| 170/170 [00:00<00:00, 50645.05 examples/s]

Generating dev split: 100%|██████████| 5/5 [00:00<00:00, 2107.90 examples/s]

Generating test split: 100%|██████████| 324/324 [00:00<00:00, 44111.87 examples/s]

Generating validation split: 100%|██████████| 35/35 [00:00<00:00, 12446.01 examples/s]

Generating dev split: 100%|██████████| 5/5 [00:00<00:00, 1931.97 examples/s]

Generating test split: 100%|██████████| 311/311 [00:00<00:00, 103517.86 examples/s]

Generating validation split: 100%|██████████| 34/34 [00:00<00:00, 16452.05 examples/s]

Generating dev split: 100%|██████████| 5/5 [00:00<00:00, 2893.82 examples/s]

Generating test split: 100%|██████████| 895/895 [00:00<00:00, 215333.11 examples/s]

Generating validation split: 100%|██████████| 100/100 [00:00<00:00, 46474.28 examples/s]

Generating dev split: 100%|██████████| 5/5 [00:00<00:00, 2828.64 examples/s]

Generating test split: 100%|██████████| 346/346 [00:00<00:00, 60477.96 examples/s]

Generating validation split: 100%|██████████| 38/38 [00:00<00:00, 11520.31 examples/s]

Generating dev split: 100%|██████████| 5/5 [00:00<00:00, 1549.89 examples/s]

Generating test split: 100%|██████████| 163/163 [00:00<00:00, 49848.45 examples/s]

Generating validation split: 100%|██████████| 18/18 [00:00<00:00, 7283.89 examples/s]

Generating dev split: 100%|██████████| 5/5 [00:00<00:00, 1984.44 examples/s]

Generating test split: 100%|██████████| 108/108 [00:00<00:00, 29927.64 examples/s]

Generating validation split: 100%|██████████| 11/11 [00:00<00:00, 4350.12 examples/s]

Generating dev split: 100%|██████████| 5/5 [00:00<00:00, 2318.06 examples/s]

Generating test split: 100%|██████████| 121/121 [00:00<00:00, 30885.52 examples/s]

Generating validation split: 100%|██████████| 13/13 [00:00<00:00, 3849.62 examples/s]

Generating dev split: 100%|██████████| 5/5 [00:00<00:00, 2173.67 examples/s]

Generating test split: 100%|██████████| 237/237 [00:00<00:00, 39539.00 examples/s]

Generating validation split: 100%|██████████| 26/26 [00:00<00:00, 9058.22 examples/s]

Generating dev split: 100%|██████████| 5/5 [00:00<00:00, 1917.13 examples/s]

Generating test split: 100%|██████████| 204/204 [00:00<00:00, 42480.29 examples/s]

Generating validation split: 100%|██████████| 22/22 [00:00<00:00, 8061.04 examples/s]

Generating dev split: 100%|██████████| 5/5 [00:00<00:00, 2112.15 examples/s]

Generating test split: 100%|██████████| 165/165 [00:00<00:00, 39895.09 examples/s]

Generating validation split: 100%|██████████| 18/18 [00:00<00:00, 6335.81 examples/s]

Generating dev split: 100%|██████████| 5/5 [00:00<00:00, 1983.69 examples/s]

Generating test split: 100%|██████████| 126/126 [00:00<00:00, 30292.46 examples/s]

Generating validation split: 100%|██████████| 14/14 [00:00<00:00, 4049.67 examples/s]

Generating dev split: 100%|██████████| 5/5 [00:00<00:00, 1418.14 examples/s]

Generating test split: 100%|██████████| 100/100 [00:00<00:00, 30689.28 examples/s]

Generating validation split: 100%|██████████| 11/11 [00:00<00:00, 3601.10 examples/s]

Generating dev split: 100%|██████████| 5/5 [00:00<00:00, 2504.06 examples/s]

Generating test split: 100%|██████████| 201/201 [00:00<00:00, 49066.18 examples/s]

Generating validation split: 100%|██████████| 22/22 [00:00<00:00, 9402.35 examples/s]

Generating dev split: 100%|██████████| 5/5 [00:00<00:00, 2307.10 examples/s]

Generating test split: 100%|██████████| 245/245 [00:00<00:00, 56611.09 examples/s]

Generating validation split: 100%|██████████| 27/27 [00:00<00:00, 8750.96 examples/s]

Generating dev split: 100%|██████████| 5/5 [00:00<00:00, 1799.20 examples/s]

Generating test split: 100%|██████████| 110/110 [00:00<00:00, 37070.02 examples/s]

Generating validation split: 100%|██████████| 12/12 [00:00<00:00, 4343.80 examples/s]

Generating dev split: 100%|██████████| 5/5 [00:00<00:00, 2198.73 examples/s]

Generating test split: 100%|██████████| 612/612 [00:00<00:00, 136953.21 examples/s]

Generating validation split: 100%|██████████| 69/69 [00:00<00:00, 27544.21 examples/s]

Generating dev split: 100%|██████████| 5/5 [00:00<00:00, 2232.20 examples/s]

Generating test split: 100%|██████████| 131/131 [00:00<00:00, 39438.26 examples/s]

Generating validation split: 100%|██████████| 12/12 [00:00<00:00, 5717.56 examples/s]

Generating dev split: 100%|██████████| 5/5 [00:00<00:00, 2591.96 examples/s]

Generating test split: 100%|██████████| 545/545 [00:00<00:00, 125179.11 examples/s]

Generating validation split: 100%|██████████| 60/60 [00:00<00:00, 23295.22 examples/s]

Generating dev split: 100%|██████████| 5/5 [00:00<00:00, 1804.16 examples/s]

Generating test split: 100%|██████████| 238/238 [00:00<00:00, 52506.01 examples/s]

Generating validation split: 100%|██████████| 26/26 [00:00<00:00, 6135.13 examples/s]

Generating dev split: 100%|██████████| 5/5 [00:00<00:00, 1408.81 examples/s]

Generating test split: 100%|██████████| 390/390 [00:00<00:00, 99962.02 examples/s]

Generating validation split: 100%|██████████| 43/43 [00:00<00:00, 13344.81 examples/s]

Generating dev split: 100%|██████████| 5/5 [00:00<00:00, 2137.99 examples/s]

Generating test split: 100%|██████████| 193/193 [00:00<00:00, 57160.05 examples/s]

Generating validation split: 100%|██████████| 21/21 [00:00<00:00, 5562.74 examples/s]

Generating dev split: 100%|██████████| 5/5 [00:00<00:00, 1859.51 examples/s]

Generating test split: 100%|██████████| 198/198 [00:00<00:00, 45645.39 examples/s]

Generating validation split: 100%|██████████| 22/22 [00:00<00:00, 7377.25 examples/s]

Generating dev split: 100%|██████████| 5/5 [00:00<00:00, 2308.62 examples/s]

Generating test split: 100%|██████████| 114/114 [00:00<00:00, 31372.66 examples/s]

Generating validation split: 100%|██████████| 12/12 [00:00<00:00, 5554.14 examples/s]

Generating dev split: 100%|██████████| 5/5 [00:00<00:00, 2046.80 examples/s]

Generating test split: 100%|██████████| 166/166 [00:00<00:00, 53715.05 examples/s]

Generating validation split: 100%|██████████| 18/18 [00:00<00:00, 6894.12 examples/s]

Generating dev split: 100%|██████████| 5/5 [00:00<00:00, 1947.76 examples/s]

Generating test split: 100%|██████████| 272/272 [00:00<00:00, 64868.98 examples/s]

Generating validation split: 100%|██████████| 31/31 [00:00<00:00, 10902.52 examples/s]

Generating dev split: 100%|██████████| 5/5 [00:00<00:00, 2196.43 examples/s]

Generating test split: 100%|██████████| 282/282 [00:00<00:00, 80352.83 examples/s]

Generating validation split: 100%|██████████| 31/31 [00:00<00:00, 13940.54 examples/s]

Generating dev split: 100%|██████████| 5/5 [00:00<00:00, 1880.52 examples/s]

Generating test split: 100%|██████████| 306/306 [00:00<00:00, 85279.54 examples/s]

Generating validation split: 100%|██████████| 33/33 [00:00<00:00, 11088.04 examples/s]

Generating dev split: 100%|██████████| 5/5 [00:00<00:00, 1571.84 examples/s]

Generating test split: 100%|██████████| 783/783 [00:00<00:00, 137405.97 examples/s]

Generating validation split: 100%|██████████| 86/86 [00:00<00:00, 25547.85 examples/s]

Generating dev split: 100%|██████████| 5/5 [00:00<00:00, 1918.36 examples/s]

Generating test split: 100%|██████████| 100/100 [00:00<00:00, 32015.14 examples/s]

Generating validation split: 100%|██████████| 11/11 [00:00<00:00, 3136.46 examples/s]

Generating dev split: 100%|██████████| 5/5 [00:00<00:00, 1691.80 examples/s]

Generating test split: 100%|██████████| 234/234 [00:00<00:00, 75894.46 examples/s]

Generating validation split: 100%|██████████| 25/25 [00:00<00:00, 12407.72 examples/s]

Generating dev split: 100%|██████████| 5/5 [00:00<00:00, 2128.66 examples/s]

Generating test split: 100%|██████████| 103/103 [00:00<00:00, 33175.65 examples/s]

Generating validation split: 100%|██████████| 11/11 [00:00<00:00, 4039.34 examples/s]

Generating dev split: 100%|██████████| 5/5 [00:00<00:00, 2134.07 examples/s]

Generating test split: 100%|██████████| 223/223 [00:00<00:00, 64332.47 examples/s]

Generating validation split: 100%|██████████| 23/23 [00:00<00:00, 8438.51 examples/s]

Generating dev split: 100%|██████████| 5/5 [00:00<00:00, 1889.16 examples/s]

Generating test split: 100%|██████████| 100/100 [00:00<00:00, 29914.44 examples/s]

Generating validation split: 100%|██████████| 10/10 [00:00<00:00, 2802.93 examples/s]

Generating dev split: 100%|██████████| 5/5 [00:00<00:00, 1875.47 examples/s]

Generating test split: 100%|██████████| 173/173 [00:00<00:00, 43263.45 examples/s]

Generating validation split: 100%|██████████| 22/22 [00:00<00:00, 8079.39 examples/s]

Generating dev split: 100%|██████████| 5/5 [00:00<00:00, 2400.04 examples/s]

Generating test split: 100%|██████████| 265/265 [00:00<00:00, 71848.13 examples/s]

Generating validation split: 100%|██████████| 29/29 [00:00<00:00, 9162.70 examples/s]

Generating dev split: 100%|██████████| 5/5 [00:00<00:00, 1543.16 examples/s]

Generating test split: 100%|██████████| 100/100 [00:00<00:00, 30736.51 examples/s]

Generating validation split: 100%|██████████| 11/11 [00:00<00:00, 4036.87 examples/s]

Generating dev split: 100%|██████████| 5/5 [00:00<00:00, 1760.24 examples/s]

Generating test split: 100%|██████████| 112/112 [00:00<00:00, 34789.46 examples/s]

Generating validation split: 100%|██████████| 11/11 [00:00<00:00, 4507.36 examples/s]

Generating dev split: 100%|██████████| 5/5 [00:00<00:00, 2097.15 examples/s]

Generating test split: 100%|██████████| 216/216 [00:00<00:00, 62189.02 examples/s]

Generating validation split: 100%|██████████| 23/23 [00:00<00:00, 9391.45 examples/s]

Generating dev split: 100%|██████████| 5/5 [00:00<00:00, 2013.78 examples/s]

Generating test split: 100%|██████████| 151/151 [00:00<00:00, 44936.85 examples/s]

Generating validation split: 100%|██████████| 17/17 [00:00<00:00, 5866.16 examples/s]

Generating dev split: 100%|██████████| 5/5 [00:00<00:00, 2437.13 examples/s]

Generating test split: 100%|██████████| 270/270 [00:00<00:00, 81589.49 examples/s]

Generating validation split: 100%|██████████| 29/29 [00:00<00:00, 14456.24 examples/s]

Generating dev split: 100%|██████████| 5/5 [00:00<00:00, 2656.64 examples/s]

Generating test split: 100%|██████████| 100/100 [00:00<00:00, 26464.16 examples/s]

Generating validation split: 100%|██████████| 9/9 [00:00<00:00, 2895.51 examples/s]

Generating dev split: 100%|██████████| 5/5 [00:00<00:00, 1877.49 examples/s]

Generating test split: 100%|██████████| 203/203 [00:00<00:00, 70847.37 examples/s]

Generating validation split: 100%|██████████| 22/22 [00:00<00:00, 7105.71 examples/s]

Generating dev split: 100%|██████████| 5/5 [00:00<00:00, 2554.08 examples/s]

Generating test split: 100%|██████████| 310/310 [00:00<00:00, 77849.01 examples/s]

Generating validation split: 100%|██████████| 32/32 [00:00<00:00, 9154.75 examples/s]

Generating dev split: 100%|██████████| 5/5 [00:00<00:00, 1427.02 examples/s]

Generating test split: 100%|██████████| 378/378 [00:00<00:00, 114762.72 examples/s]

Generating validation split: 100%|██████████| 41/41 [00:00<00:00, 17926.24 examples/s]

Generating dev split: 100%|██████████| 5/5 [00:00<00:00, 1650.91 examples/s]

Generating test split: 100%|██████████| 145/145 [00:00<00:00, 48039.03 examples/s]

Generating validation split: 100%|██████████| 16/16 [00:00<00:00, 6022.51 examples/s]

Generating dev split: 100%|██████████| 5/5 [00:00<00:00, 2137.77 examples/s]

Generating test split: 100%|██████████| 235/235 [00:00<00:00, 78245.73 examples/s]

Generating validation split: 100%|██████████| 26/26 [00:00<00:00, 10368.12 examples/s]

Generating dev split: 100%|██████████| 5/5 [00:00<00:00, 2210.09 examples/s]

Generating test split: 100%|██████████| 100/100 [00:00<00:00, 36996.60 examples/s]

Generating validation split: 100%|██████████| 11/11 [00:00<00:00, 5331.95 examples/s]

Generating dev split: 100%|██████████| 5/5 [00:00<00:00, 2870.84 examples/s]

Generating test split: 100%|██████████| 102/102 [00:00<00:00, 33948.50 examples/s]

Generating validation split: 100%|██████████| 11/11 [00:00<00:00, 4797.48 examples/s]

Generating dev split: 100%|██████████| 5/5 [00:00<00:00, 2645.58 examples/s]

Generating test split: 100%|██████████| 100/100 [00:00<00:00, 29795.44 examples/s]

Generating validation split: 100%|██████████| 11/11 [00:00<00:00, 4461.16 examples/s]

Generating dev split: 100%|██████████| 5/5 [00:00<00:00, 2524.56 examples/s]

Generating test split: 100%|██████████| 100/100 [00:00<00:00, 33997.76 examples/s]

Generating validation split: 100%|██████████| 11/11 [00:00<00:00, 4966.34 examples/s]

Generating dev split: 100%|██████████| 5/5 [00:00<00:00, 2688.66 examples/s]

Generating test split: 100%|██████████| 100/100 [00:00<00:00, 29935.79 examples/s]

Generating validation split: 100%|██████████| 8/8 [00:00<00:00, 2881.45 examples/s]

Generating dev split: 100%|██████████| 5/5 [00:00<00:00, 1658.61 examples/s]

Generating test split: 100%|██████████| 144/144 [00:00<00:00, 39790.49 examples/s]

Generating validation split: 100%|██████████| 16/16 [00:00<00:00, 5512.02 examples/s]

Generating dev split: 100%|██████████| 5/5 [00:00<00:00, 1879.17 examples/s]

Generating test split: 100%|██████████| 152/152 [00:00<00:00, 51630.56 examples/s]

Generating validation split: 100%|██████████| 16/16 [00:00<00:00, 7969.23 examples/s]

Generating dev split: 100%|██████████| 5/5 [00:00<00:00, 2507.06 examples/s]

Generating test split: 100%|██████████| 135/135 [00:00<00:00, 40651.23 examples/s]

Generating validation split: 100%|██████████| 14/14 [00:00<00:00, 4495.16 examples/s]

Generating dev split: 100%|██████████| 5/5 [00:00<00:00, 1598.44 examples/s]

Generating test split: 100%|██████████| 100/100 [00:00<00:00, 33740.68 examples/s]

Generating validation split: 100%|██████████| 11/11 [00:00<00:00, 4326.05 examples/s]

Generating dev split: 100%|██████████| 5/5 [00:00<00:00, 2207.53 examples/s]
[Task: wikitext] metric word_perplexity is defined, but aggregation is not. using default aggregation=weighted_perplexity
[Task: wikitext] metric word_perplexity is defined, but higher_is_better is not. using default higher_is_better=False
[Task: wikitext] metric byte_perplexity is defined, but aggregation is not. using default aggregation=weighted_perplexity
[Task: wikitext] metric byte_perplexity is defined, but higher_is_better is not. using default higher_is_better=False
[Task: wikitext] metric bits_per_byte is defined, but aggregation is not. using default aggregation=bits_per_byte
[Task: wikitext] metric bits_per_byte is defined, but higher_is_better is not. using default higher_is_better=False

Generating train split: 100%|██████████| 629/629 [00:00<00:00, 18114.52 examples/s]

Generating validation split: 100%|██████████| 60/60 [00:00<00:00, 10943.57 examples/s]

Generating test split: 100%|██████████| 62/62 [00:00<00:00, 9515.77 examples/s]
