/usr/local/lib/python3.12/dist-packages/requests/__init__.py:113: RequestsDependencyWarning: urllib3 (2.5.0) or chardet (6.0.0.post1)/charset_normalizer (3.4.3) doesn't match a supported version!
  warnings.warn(

Generating test split: 100%|██████████| 171/171 [00:00<00:00, 25811.57 examples/s]

Generating validation split: 100%|██████████| 19/19 [00:00<00:00, 4657.07 examples/s]

Generating dev split: 100%|██████████| 5/5 [00:00<00:00, 1312.36 examples/s]

Generating test split: 100%|██████████| 1534/1534 [00:00<00:00, 118740.31 examples/s]

Generating validation split: 100%|██████████| 170/170 [00:00<00:00, 36371.74 examples/s]

Generating dev split: 100%|██████████| 5/5 [00:00<00:00, 1253.23 examples/s]

Generating test split: 100%|██████████| 324/324 [00:00<00:00, 50383.90 examples/s]

Generating validation split: 100%|██████████| 35/35 [00:00<00:00, 10131.87 examples/s]

Generating dev split: 100%|██████████| 5/5 [00:00<00:00, 2152.91 examples/s]

Generating test split: 100%|██████████| 311/311 [00:00<00:00, 67900.09 examples/s]

Generating validation split: 100%|██████████| 34/34 [00:00<00:00, 15017.52 examples/s]

Generating dev split: 100%|██████████| 5/5 [00:00<00:00, 1231.23 examples/s]

Generating test split: 100%|██████████| 895/895 [00:00<00:00, 186131.60 examples/s]

Generating validation split: 100%|██████████| 100/100 [00:00<00:00, 32688.83 examples/s]

Generating dev split: 100%|██████████| 5/5 [00:00<00:00, 1579.78 examples/s]

Generating test split: 100%|██████████| 346/346 [00:00<00:00, 72706.87 examples/s]

Generating validation split: 100%|██████████| 38/38 [00:00<00:00, 10307.41 examples/s]

Generating dev split: 100%|██████████| 5/5 [00:00<00:00, 1730.32 examples/s]

Generating test split: 100%|██████████| 163/163 [00:00<00:00, 57582.04 examples/s]

Generating validation split: 100%|██████████| 18/18 [00:00<00:00, 9783.27 examples/s]

Generating dev split: 100%|██████████| 5/5 [00:00<00:00, 1876.65 examples/s]

Generating test split: 100%|██████████| 108/108 [00:00<00:00, 36404.79 examples/s]

Generating validation split: 100%|██████████| 11/11 [00:00<00:00, 6844.29 examples/s]

Generating dev split: 100%|██████████| 5/5 [00:00<00:00, 2318.83 examples/s]

Generating test split: 100%|██████████| 121/121 [00:00<00:00, 36934.05 examples/s]

Generating validation split: 100%|██████████| 13/13 [00:00<00:00, 5037.97 examples/s]

Generating dev split: 100%|██████████| 5/5 [00:00<00:00, 3000.22 examples/s]

Generating test split: 100%|██████████| 237/237 [00:00<00:00, 42382.96 examples/s]

Generating validation split: 100%|██████████| 26/26 [00:00<00:00, 7654.91 examples/s]

Generating dev split: 100%|██████████| 5/5 [00:00<00:00, 1782.38 examples/s]

Generating test split: 100%|██████████| 204/204 [00:00<00:00, 62459.89 examples/s]

Generating validation split: 100%|██████████| 22/22 [00:00<00:00, 12515.22 examples/s]

Generating dev split: 100%|██████████| 5/5 [00:00<00:00, 2996.36 examples/s]

Generating test split: 100%|██████████| 165/165 [00:00<00:00, 44781.94 examples/s]

Generating validation split: 100%|██████████| 18/18 [00:00<00:00, 10908.46 examples/s]

Generating dev split: 100%|██████████| 5/5 [00:00<00:00, 2516.08 examples/s]

Generating test split: 100%|██████████| 126/126 [00:00<00:00, 42941.60 examples/s]

Generating validation split: 100%|██████████| 14/14 [00:00<00:00, 6804.99 examples/s]

Generating dev split: 100%|██████████| 5/5 [00:00<00:00, 2270.38 examples/s]

Generating test split: 100%|██████████| 100/100 [00:00<00:00, 31881.30 examples/s]

Generating validation split: 100%|██████████| 11/11 [00:00<00:00, 4680.67 examples/s]

Generating dev split: 100%|██████████| 5/5 [00:00<00:00, 2742.81 examples/s]

Generating test split: 100%|██████████| 201/201 [00:00<00:00, 61029.04 examples/s]

Generating validation split: 100%|██████████| 22/22 [00:00<00:00, 10605.07 examples/s]

Generating dev split: 100%|██████████| 5/5 [00:00<00:00, 3469.81 examples/s]

Generating test split: 100%|██████████| 245/245 [00:00<00:00, 49611.57 examples/s]

Generating validation split: 100%|██████████| 27/27 [00:00<00:00, 10206.04 examples/s]

Generating dev split: 100%|██████████| 5/5 [00:00<00:00, 1821.87 examples/s]

Generating test split: 100%|██████████| 110/110 [00:00<00:00, 42378.38 examples/s]

Generating validation split: 100%|██████████| 12/12 [00:00<00:00, 4328.49 examples/s]

Generating dev split: 100%|██████████| 5/5 [00:00<00:00, 2207.30 examples/s]

Generating test split: 100%|██████████| 612/612 [00:00<00:00, 171768.87 examples/s]

Generating validation split: 100%|██████████| 69/69 [00:00<00:00, 36712.80 examples/s]

Generating dev split: 100%|██████████| 5/5 [00:00<00:00, 3037.15 examples/s]

Generating test split: 100%|██████████| 131/131 [00:00<00:00, 42119.88 examples/s]

Generating validation split: 100%|██████████| 12/12 [00:00<00:00, 3424.15 examples/s]

Generating dev split: 100%|██████████| 5/5 [00:00<00:00, 1944.87 examples/s]

Generating test split: 100%|██████████| 545/545 [00:00<00:00, 155725.57 examples/s]

Generating validation split: 100%|██████████| 60/60 [00:00<00:00, 29499.27 examples/s]

Generating dev split: 100%|██████████| 5/5 [00:00<00:00, 2102.20 examples/s]

Generating test split: 100%|██████████| 238/238 [00:00<00:00, 79370.63 examples/s]

Generating validation split: 100%|██████████| 26/26 [00:00<00:00, 13481.51 examples/s]

Generating dev split: 100%|██████████| 5/5 [00:00<00:00, 2848.62 examples/s]

Generating test split: 100%|██████████| 390/390 [00:00<00:00, 103964.57 examples/s]

Generating validation split: 100%|██████████| 43/43 [00:00<00:00, 18433.67 examples/s]

Generating dev split: 100%|██████████| 5/5 [00:00<00:00, 2385.84 examples/s]

Generating test split: 100%|██████████| 193/193 [00:00<00:00, 45890.06 examples/s]

Generating validation split: 100%|██████████| 21/21 [00:00<00:00, 4967.59 examples/s]

Generating dev split: 100%|██████████| 5/5 [00:00<00:00, 1952.66 examples/s]

Generating test split: 100%|██████████| 198/198 [00:00<00:00, 54414.38 examples/s]

Generating validation split: 100%|██████████| 22/22 [00:00<00:00, 4934.48 examples/s]

Generating dev split: 100%|██████████| 5/5 [00:00<00:00, 1406.63 examples/s]

Generating test split: 100%|██████████| 114/114 [00:00<00:00, 23736.63 examples/s]

Generating validation split: 100%|██████████| 12/12 [00:00<00:00, 2570.30 examples/s]

Generating dev split: 100%|██████████| 5/5 [00:00<00:00, 1729.90 examples/s]

Generating test split: 100%|██████████| 166/166 [00:00<00:00, 43242.93 examples/s]

Generating validation split: 100%|██████████| 18/18 [00:00<00:00, 4396.29 examples/s]

Generating dev split: 100%|██████████| 5/5 [00:00<00:00, 1208.80 examples/s]

Generating test split: 100%|██████████| 272/272 [00:00<00:00, 60599.74 examples/s]

Generating validation split: 100%|██████████| 31/31 [00:00<00:00, 11254.52 examples/s]

Generating dev split: 100%|██████████| 5/5 [00:00<00:00, 1520.56 examples/s]

Generating test split: 100%|██████████| 282/282 [00:00<00:00, 60092.15 examples/s]

Generating validation split: 100%|██████████| 31/31 [00:00<00:00, 8526.69 examples/s]

Generating dev split: 100%|██████████| 5/5 [00:00<00:00, 2267.93 examples/s]

Generating test split: 100%|██████████| 306/306 [00:00<00:00, 107429.23 examples/s]

Generating validation split: 100%|██████████| 33/33 [00:00<00:00, 17155.68 examples/s]

Generating dev split: 100%|██████████| 5/5 [00:00<00:00, 1760.39 examples/s]

Generating test split: 100%|██████████| 783/783 [00:00<00:00, 158439.79 examples/s]

Generating validation split: 100%|██████████| 86/86 [00:00<00:00, 36132.44 examples/s]

Generating dev split: 100%|██████████| 5/5 [00:00<00:00, 2903.84 examples/s]

Generating test split: 100%|██████████| 100/100 [00:00<00:00, 26247.21 examples/s]

Generating validation split: 100%|██████████| 11/11 [00:00<00:00, 3300.00 examples/s]

Generating dev split: 100%|██████████| 5/5 [00:00<00:00, 1673.70 examples/s]

Generating test split: 100%|██████████| 234/234 [00:00<00:00, 61453.08 examples/s]

Generating validation split: 100%|██████████| 25/25 [00:00<00:00, 9979.78 examples/s]

Generating dev split: 100%|██████████| 5/5 [00:00<00:00, 1705.97 examples/s]

Generating test split: 100%|██████████| 103/103 [00:00<00:00, 26547.86 examples/s]

Generating validation split: 100%|██████████| 11/11 [00:00<00:00, 4043.23 examples/s]

Generating dev split: 100%|██████████| 5/5 [00:00<00:00, 2750.00 examples/s]

Generating test split: 100%|██████████| 223/223 [00:00<00:00, 37228.54 examples/s]

Generating validation split: 100%|██████████| 23/23 [00:00<00:00, 4676.83 examples/s]

Generating dev split: 100%|██████████| 5/5 [00:00<00:00, 1412.03 examples/s]

Generating test split: 100%|██████████| 100/100 [00:00<00:00, 23380.92 examples/s]

Generating validation split: 100%|██████████| 10/10 [00:00<00:00, 2837.44 examples/s]

Generating dev split: 100%|██████████| 5/5 [00:00<00:00, 1847.87 examples/s]

Generating test split: 100%|██████████| 173/173 [00:00<00:00, 38798.77 examples/s]

Generating validation split: 100%|██████████| 22/22 [00:00<00:00, 5212.38 examples/s]

Generating dev split: 100%|██████████| 5/5 [00:00<00:00, 1147.74 examples/s]

Generating test split: 100%|██████████| 265/265 [00:00<00:00, 92655.10 examples/s]

Generating validation split: 100%|██████████| 29/29 [00:00<00:00, 15668.53 examples/s]

Generating dev split: 100%|██████████| 5/5 [00:00<00:00, 3211.57 examples/s]

Generating test split: 100%|██████████| 100/100 [00:00<00:00, 25427.73 examples/s]

Generating validation split: 100%|██████████| 11/11 [00:00<00:00, 4484.58 examples/s]

Generating dev split: 100%|██████████| 5/5 [00:00<00:00, 1872.62 examples/s]

Generating test split: 100%|██████████| 112/112 [00:00<00:00, 37000.79 examples/s]

Generating validation split: 100%|██████████| 11/11 [00:00<00:00, 4033.69 examples/s]

Generating dev split: 100%|██████████| 5/5 [00:00<00:00, 3179.91 examples/s]

Generating test split: 100%|██████████| 216/216 [00:00<00:00, 79401.37 examples/s]

Generating validation split: 100%|██████████| 23/23 [00:00<00:00, 14482.66 examples/s]

Generating dev split: 100%|██████████| 5/5 [00:00<00:00, 3430.08 examples/s]

Generating test split: 100%|██████████| 151/151 [00:00<00:00, 51853.60 examples/s]

Generating validation split: 100%|██████████| 17/17 [00:00<00:00, 5737.30 examples/s]

Generating dev split: 100%|██████████| 5/5 [00:00<00:00, 1911.72 examples/s]

Generating test split: 100%|██████████| 270/270 [00:00<00:00, 91995.29 examples/s]

Generating validation split: 100%|██████████| 29/29 [00:00<00:00, 10779.41 examples/s]

Generating dev split: 100%|██████████| 5/5 [00:00<00:00, 2155.57 examples/s]

Generating test split: 100%|██████████| 100/100 [00:00<00:00, 30555.14 examples/s]

Generating validation split: 100%|██████████| 9/9 [00:00<00:00, 5142.18 examples/s]

Generating dev split: 100%|██████████| 5/5 [00:00<00:00, 2789.51 examples/s]

Generating test split: 100%|██████████| 203/203 [00:00<00:00, 57522.21 examples/s]

Generating validation split: 100%|██████████| 22/22 [00:00<00:00, 5871.39 examples/s]

Generating dev split: 100%|██████████| 5/5 [00:00<00:00, 1645.86 examples/s]

Generating test split: 100%|██████████| 310/310 [00:00<00:00, 80729.81 examples/s]

Generating validation split: 100%|██████████| 32/32 [00:00<00:00, 11466.70 examples/s]

Generating dev split: 100%|██████████| 5/5 [00:00<00:00, 1630.00 examples/s]

Generating test split: 100%|██████████| 378/378 [00:00<00:00, 110476.41 examples/s]

Generating validation split: 100%|██████████| 41/41 [00:00<00:00, 11885.99 examples/s]

Generating dev split: 100%|██████████| 5/5 [00:00<00:00, 1365.51 examples/s]

Generating test split: 100%|██████████| 145/145 [00:00<00:00, 50437.39 examples/s]

Generating validation split: 100%|██████████| 16/16 [00:00<00:00, 6480.82 examples/s]

Generating dev split: 100%|██████████| 5/5 [00:00<00:00, 1465.11 examples/s]

Generating test split: 100%|██████████| 235/235 [00:00<00:00, 66567.26 examples/s]

Generating validation split: 100%|██████████| 26/26 [00:00<00:00, 8807.29 examples/s]

Generating dev split: 100%|██████████| 5/5 [00:00<00:00, 1580.49 examples/s]

Generating test split: 100%|██████████| 100/100 [00:00<00:00, 24008.61 examples/s]

Generating validation split: 100%|██████████| 11/11 [00:00<00:00, 3341.11 examples/s]

Generating dev split: 100%|██████████| 5/5 [00:00<00:00, 2571.93 examples/s]

Generating test split: 100%|██████████| 102/102 [00:00<00:00, 28986.99 examples/s]

Generating validation split: 100%|██████████| 11/11 [00:00<00:00, 4829.62 examples/s]

Generating dev split: 100%|██████████| 5/5 [00:00<00:00, 2009.54 examples/s]

Generating test split: 100%|██████████| 100/100 [00:00<00:00, 23956.50 examples/s]

Generating validation split: 100%|██████████| 11/11 [00:00<00:00, 1553.71 examples/s]

Generating dev split: 100%|██████████| 5/5 [00:00<00:00, 1522.43 examples/s]

Generating test split: 100%|██████████| 100/100 [00:00<00:00, 25946.82 examples/s]

Generating validation split: 100%|██████████| 11/11 [00:00<00:00, 3662.57 examples/s]

Generating dev split: 100%|██████████| 5/5 [00:00<00:00, 1012.19 examples/s]

Generating test split: 100%|██████████| 100/100 [00:00<00:00, 33119.90 examples/s]

Generating validation split: 100%|██████████| 8/8 [00:00<00:00, 2259.10 examples/s]

Generating dev split: 100%|██████████| 5/5 [00:00<00:00, 2423.33 examples/s]

Generating test split: 100%|██████████| 144/144 [00:00<00:00, 35176.46 examples/s]

Generating validation split: 100%|██████████| 16/16 [00:00<00:00, 4773.37 examples/s]

Generating dev split: 100%|██████████| 5/5 [00:00<00:00, 2281.99 examples/s]

Generating test split: 100%|██████████| 152/152 [00:00<00:00, 46576.14 examples/s]

Generating validation split: 100%|██████████| 16/16 [00:00<00:00, 4777.11 examples/s]

Generating dev split: 100%|██████████| 5/5 [00:00<00:00, 1212.51 examples/s]

Generating test split: 100%|██████████| 135/135 [00:00<00:00, 33339.09 examples/s]

Generating validation split: 100%|██████████| 14/14 [00:00<00:00, 5008.12 examples/s]

Generating dev split: 100%|██████████| 5/5 [00:00<00:00, 1308.02 examples/s]

Generating test split: 100%|██████████| 100/100 [00:00<00:00, 30867.71 examples/s]

Generating validation split: 100%|██████████| 11/11 [00:00<00:00, 4799.47 examples/s]

Generating dev split: 100%|██████████| 5/5 [00:00<00:00, 3199.32 examples/s]
[Task: wikitext] metric word_perplexity is defined, but aggregation is not. using default aggregation=weighted_perplexity
[Task: wikitext] metric word_perplexity is defined, but higher_is_better is not. using default higher_is_better=False
[Task: wikitext] metric byte_perplexity is defined, but aggregation is not. using default aggregation=weighted_perplexity
[Task: wikitext] metric byte_perplexity is defined, but higher_is_better is not. using default higher_is_better=False
[Task: wikitext] metric bits_per_byte is defined, but aggregation is not. using default aggregation=bits_per_byte
[Task: wikitext] metric bits_per_byte is defined, but higher_is_better is not. using default higher_is_better=False

Generating train split: 100%|██████████| 629/629 [00:00<00:00, 16941.08 examples/s]

Generating validation split: 100%|██████████| 60/60 [00:00<00:00, 11349.76 examples/s]

Generating test split: 100%|██████████| 62/62 [00:00<00:00, 12853.24 examples/s]
